object q_empty
enum QType ['none', 'qnull', 'qnum', 'qstring', 'qdict', 'qlist', 'qbool', 'qpointer']
    prefix QTYPE
module comments.json
enum Status ['good', 'bad', 'ugly']
