object q_empty
enum QType ['none', 'qnull', 'qnum', 'qstring', 'qdict', 'qlist', 'qbool', 'qpointer']
    prefix QTYPE
module event-case.json
event oops None
   boxed=False
